Archive member included to satisfy reference by file (symbol)

c:/st/stm32cubeide_1.10.1/stm32cubeide/plugins/com.st.stm32cube.ide.mcu.externaltools.gnu-tools-for-stm32.10.3-2021.10.win32_1.0.0.202111181127/tools/bin/../lib/gcc/arm-none-eabi/10.3.1/../../../../arm-none-eabi/lib/thumb/v6-m/nofp\libc_nano.a(lib_a-errno.o)
                              ./Core/Src/syscalls.o (__errno)
c:/st/stm32cubeide_1.10.1/stm32cubeide/plugins/com.st.stm32cube.ide.mcu.externaltools.gnu-tools-for-stm32.10.3-2021.10.win32_1.0.0.202111181127/tools/bin/../lib/gcc/arm-none-eabi/10.3.1/../../../../arm-none-eabi/lib/thumb/v6-m/nofp\libc_nano.a(lib_a-exit.o)
                              c:/st/stm32cubeide_1.10.1/stm32cubeide/plugins/com.st.stm32cube.ide.mcu.externaltools.gnu-tools-for-stm32.10.3-2021.10.win32_1.0.0.202111181127/tools/bin/../lib/gcc/arm-none-eabi/10.3.1/../../../../arm-none-eabi/lib/thumb/v6-m/nofp/crt0.o (exit)
c:/st/stm32cubeide_1.10.1/stm32cubeide/plugins/com.st.stm32cube.ide.mcu.externaltools.gnu-tools-for-stm32.10.3-2021.10.win32_1.0.0.202111181127/tools/bin/../lib/gcc/arm-none-eabi/10.3.1/../../../../arm-none-eabi/lib/thumb/v6-m/nofp\libc_nano.a(lib_a-impure.o)
                              c:/st/stm32cubeide_1.10.1/stm32cubeide/plugins/com.st.stm32cube.ide.mcu.externaltools.gnu-tools-for-stm32.10.3-2021.10.win32_1.0.0.202111181127/tools/bin/../lib/gcc/arm-none-eabi/10.3.1/../../../../arm-none-eabi/lib/thumb/v6-m/nofp\libc_nano.a(lib_a-exit.o) (_global_impure_ptr)
c:/st/stm32cubeide_1.10.1/stm32cubeide/plugins/com.st.stm32cube.ide.mcu.externaltools.gnu-tools-for-stm32.10.3-2021.10.win32_1.0.0.202111181127/tools/bin/../lib/gcc/arm-none-eabi/10.3.1/../../../../arm-none-eabi/lib/thumb/v6-m/nofp\libc_nano.a(lib_a-init.o)
                              c:/st/stm32cubeide_1.10.1/stm32cubeide/plugins/com.st.stm32cube.ide.mcu.externaltools.gnu-tools-for-stm32.10.3-2021.10.win32_1.0.0.202111181127/tools/bin/../lib/gcc/arm-none-eabi/10.3.1/../../../../arm-none-eabi/lib/thumb/v6-m/nofp/crt0.o (__libc_init_array)
c:/st/stm32cubeide_1.10.1/stm32cubeide/plugins/com.st.stm32cube.ide.mcu.externaltools.gnu-tools-for-stm32.10.3-2021.10.win32_1.0.0.202111181127/tools/bin/../lib/gcc/arm-none-eabi/10.3.1/../../../../arm-none-eabi/lib/thumb/v6-m/nofp\libc_nano.a(lib_a-memset.o)
                              c:/st/stm32cubeide_1.10.1/stm32cubeide/plugins/com.st.stm32cube.ide.mcu.externaltools.gnu-tools-for-stm32.10.3-2021.10.win32_1.0.0.202111181127/tools/bin/../lib/gcc/arm-none-eabi/10.3.1/../../../../arm-none-eabi/lib/thumb/v6-m/nofp/crt0.o (memset)
c:/st/stm32cubeide_1.10.1/stm32cubeide/plugins/com.st.stm32cube.ide.mcu.externaltools.gnu-tools-for-stm32.10.3-2021.10.win32_1.0.0.202111181127/tools/bin/../lib/gcc/arm-none-eabi/10.3.1/thumb/v6-m/nofp\libgcc.a(_udivsi3.o)
                              ./Core/Src/system_stm32g0xx.o (__aeabi_uidiv)
c:/st/stm32cubeide_1.10.1/stm32cubeide/plugins/com.st.stm32cube.ide.mcu.externaltools.gnu-tools-for-stm32.10.3-2021.10.win32_1.0.0.202111181127/tools/bin/../lib/gcc/arm-none-eabi/10.3.1/thumb/v6-m/nofp\libgcc.a(_dvmd_tls.o)
                              c:/st/stm32cubeide_1.10.1/stm32cubeide/plugins/com.st.stm32cube.ide.mcu.externaltools.gnu-tools-for-stm32.10.3-2021.10.win32_1.0.0.202111181127/tools/bin/../lib/gcc/arm-none-eabi/10.3.1/thumb/v6-m/nofp\libgcc.a(_udivsi3.o) (__aeabi_idiv0)

Discarded input sections

 .text          0x0000000000000000        0x0 c:/st/stm32cubeide_1.10.1/stm32cubeide/plugins/com.st.stm32cube.ide.mcu.externaltools.gnu-tools-for-stm32.10.3-2021.10.win32_1.0.0.202111181127/tools/bin/../lib/gcc/arm-none-eabi/10.3.1/thumb/v6-m/nofp/crti.o
 .data          0x0000000000000000        0x0 c:/st/stm32cubeide_1.10.1/stm32cubeide/plugins/com.st.stm32cube.ide.mcu.externaltools.gnu-tools-for-stm32.10.3-2021.10.win32_1.0.0.202111181127/tools/bin/../lib/gcc/arm-none-eabi/10.3.1/thumb/v6-m/nofp/crti.o
 .bss           0x0000000000000000        0x0 c:/st/stm32cubeide_1.10.1/stm32cubeide/plugins/com.st.stm32cube.ide.mcu.externaltools.gnu-tools-for-stm32.10.3-2021.10.win32_1.0.0.202111181127/tools/bin/../lib/gcc/arm-none-eabi/10.3.1/thumb/v6-m/nofp/crti.o
 .data          0x0000000000000000        0x4 c:/st/stm32cubeide_1.10.1/stm32cubeide/plugins/com.st.stm32cube.ide.mcu.externaltools.gnu-tools-for-stm32.10.3-2021.10.win32_1.0.0.202111181127/tools/bin/../lib/gcc/arm-none-eabi/10.3.1/thumb/v6-m/nofp/crtbegin.o
 .rodata        0x0000000000000000       0x24 c:/st/stm32cubeide_1.10.1/stm32cubeide/plugins/com.st.stm32cube.ide.mcu.externaltools.gnu-tools-for-stm32.10.3-2021.10.win32_1.0.0.202111181127/tools/bin/../lib/gcc/arm-none-eabi/10.3.1/thumb/v6-m/nofp/crtbegin.o
 .text          0x0000000000000000       0x80 c:/st/stm32cubeide_1.10.1/stm32cubeide/plugins/com.st.stm32cube.ide.mcu.externaltools.gnu-tools-for-stm32.10.3-2021.10.win32_1.0.0.202111181127/tools/bin/../lib/gcc/arm-none-eabi/10.3.1/../../../../arm-none-eabi/lib/thumb/v6-m/nofp/crt0.o
[...]
Memory Configuration

Name             Origin             Length             Attributes
RAM              0x0000000020000000 0x0000000000009000 xrw
FLASH            0x0000000008000000 0x0000000000020000 xr
*default*        0x0000000000000000 0xffffffffffffffff

Linker script and memory map

LOAD c:/st/stm32cubeide_1.10.1/stm32cubeide/plugins/com.st.stm32cube.ide.mcu.externaltools.gnu-tools-for-stm32.10.3-2021.10.win32_1.0.0.202111181127/tools/bin/../lib/gcc/arm-none-eabi/10.3.1/thumb/v6-m/nofp/crti.o
LOAD c:/st/stm32cubeide_1.10.1/stm32cubeide/plugins/com.st.stm32cube.ide.mcu.externaltools.gnu-tools-for-stm32.10.3-2021.10.win32_1.0.0.202111181127/tools/bin/../lib/gcc/arm-none-eabi/10.3.1/thumb/v6-m/nofp/crtbegin.o
LOAD c:/st/stm32cubeide_1.10.1/stm32cubeide/plugins/com.st.stm32cube.ide.mcu.externaltools.gnu-tools-for-stm32.10.3-2021.10.win32_1.0.0.202111181127/tools/bin/../lib/gcc/arm-none-eabi/10.3.1/../../../../arm-none-eabi/lib/thumb/v6-m/nofp/crt0.o
LOAD ./Core/Src/main.o
LOAD ./Core/Src/stm32g0xx_hal_msp.o
LOAD ./Core/Src/stm32g0xx_it.o
LOAD ./Core/Src/syscalls.o
LOAD ./Core/Src/sysmem.o
LOAD ./Core/Src/system_stm32g0xx.o
LOAD ./Core/Startup/startup_stm32g070rbtx.o
LOAD ./Drivers/STM32G0xx_HAL_Driver/Src/stm32g0xx_hal.o
LOAD ./Drivers/STM32G0xx_HAL_Driver/Src/stm32g0xx_hal_cortex.o
LOAD ./Drivers/STM32G0xx_HAL_Driver/Src/stm32g0xx_hal_dma.o
LOAD ./Drivers/STM32G0xx_HAL_Driver/Src/stm32g0xx_hal_dma_ex.o
LOAD ./Drivers/STM32G0xx_HAL_Driver/Src/stm32g0xx_hal_exti.o
LOAD ./Drivers/STM32G0xx_HAL_Driver/Src/stm32g0xx_hal_flash.o
LOAD ./Drivers/STM32G0xx_HAL_Driver/Src/stm32g0xx_hal_flash_ex.o
LOAD ./Drivers/STM32G0xx_HAL_Driver/Src/stm32g0xx_hal_gpio.o
LOAD ./Drivers/STM32G0xx_HAL_Driver/Src/stm32g0xx_hal_pwr.o
LOAD ./Drivers/STM32G0xx_HAL_Driver/Src/stm32g0xx_hal_pwr_ex.o
LOAD ./Drivers/STM32G0xx_HAL_Driver/Src/stm32g0xx_hal_rcc.o
LOAD ./Drivers/STM32G0xx_HAL_Driver/Src/stm32g0xx_hal_rcc_ex.o
LOAD ./Drivers/STM32G0xx_HAL_Driver/Src/stm32g0xx_ll_dma.o
LOAD ./Drivers/STM32G0xx_HAL_Driver/Src/stm32g0xx_ll_rcc.o
START GROUP
LOAD c:/st/stm32cubeide_1.10.1/stm32cubeide/plugins/com.st.stm32cube.ide.mcu.externaltools.gnu-tools-for-stm32.10.3-2021.10.win32_1.0.0.202111181127/tools/bin/../lib/gcc/arm-none-eabi/10.3.1/../../../../arm-none-eabi/lib/thumb/v6-m/nofp\libc_nano.a
LOAD c:/st/stm32cubeide_1.10.1/stm32cubeide/plugins/com.st.stm32cube.ide.mcu.externaltools.gnu-tools-for-stm32.10.3-2021.10.win32_1.0.0.202111181127/tools/bin/../lib/gcc/arm-none-eabi/10.3.1/../../../../arm-none-eabi/lib/thumb/v6-m/nofp\libm.a
END GROUP
START GROUP
LOAD c:/st/stm32cubeide_1.10.1/stm32cubeide/plugins/com.st.stm32cube.ide.mcu.externaltools.gnu-tools-for-stm32.10.3-2021.10.win32_1.0.0.202111181127/tools/bin/../lib/gcc/arm-none-eabi/10.3.1/thumb/v6-m/nofp\libgcc.a
LOAD c:/st/stm32cubeide_1.10.1/stm32cubeide/plugins/com.st.stm32cube.ide.mcu.externaltools.gnu-tools-for-stm32.10.3-2021.10.win32_1.0.0.202111181127/tools/bin/../lib/gcc/arm-none-eabi/10.3.1/../../../../arm-none-eabi/lib/thumb/v6-m/nofp\libc_nano.a
END GROUP
START GROUP
LOAD c:/st/stm32cubeide_1.10.1/stm32cubeide/plugins/com.st.stm32cube.ide.mcu.externaltools.gnu-tools-for-stm32.10.3-2021.10.win32_1.0.0.202111181127/tools/bin/../lib/gcc/arm-none-eabi/10.3.1/thumb/v6-m/nofp\libgcc.a
LOAD c:/st/stm32cubeide_1.10.1/stm32cubeide/plugins/com.st.stm32cube.ide.mcu.externaltools.gnu-tools-for-stm32.10.3-2021.10.win32_1.0.0.202111181127/tools/bin/../lib/gcc/arm-none-eabi/10.3.1/../../../../arm-none-eabi/lib/thumb/v6-m/nofp\libc_nano.a
LOAD c:/st/stm32cubeide_1.10.1/stm32cubeide/plugins/com.st.stm32cube.ide.mcu.externaltools.gnu-tools-for-stm32.10.3-2021.10.win32_1.0.0.202111181127/tools/bin/../lib/gcc/arm-none-eabi/10.3.1/../../../../arm-none-eabi/lib/thumb/v6-m/nofp\libnosys.a
END GROUP
START GROUP
LOAD c:/st/stm32cubeide_1.10.1/stm32cubeide/plugins/com.st.stm32cube.ide.mcu.externaltools.gnu-tools-for-stm32.10.3-2021.10.win32_1.0.0.202111181127/tools/bin/../lib/gcc/arm-none-eabi/10.3.1/thumb/v6-m/nofp\libgcc.a
LOAD c:/st/stm32cubeide_1.10.1/stm32cubeide/plugins/com.st.stm32cube.ide.mcu.externaltools.gnu-tools-for-stm32.10.3-2021.10.win32_1.0.0.202111181127/tools/bin/../lib/gcc/arm-none-eabi/10.3.1/../../../../arm-none-eabi/lib/thumb/v6-m/nofp\libc_nano.a
LOAD c:/st/stm32cubeide_1.10.1/stm32cubeide/plugins/com.st.stm32cube.ide.mcu.externaltools.gnu-tools-for-stm32.10.3-2021.10.win32_1.0.0.202111181127/tools/bin/../lib/gcc/arm-none-eabi/10.3.1/../../../../arm-none-eabi/lib/thumb/v6-m/nofp\libnosys.a
END GROUP
LOAD c:/st/stm32cubeide_1.10.1/stm32cubeide/plugins/com.st.stm32cube.ide.mcu.externaltools.gnu-tools-for-stm32.10.3-2021.10.win32_1.0.0.202111181127/tools/bin/../lib/gcc/arm-none-eabi/10.3.1/thumb/v6-m/nofp/crtend.o
LOAD c:/st/stm32cubeide_1.10.1/stm32cubeide/plugins/com.st.stm32cube.ide.mcu.externaltools.gnu-tools-for-stm32.10.3-2021.10.win32_1.0.0.202111181127/tools/bin/../lib/gcc/arm-none-eabi/10.3.1/thumb/v6-m/nofp/crtn.o
                0x0000000020009000                _estack = (ORIGIN (RAM) + LENGTH (RAM))
                0x0000000000000200                _Min_Heap_Size = 0x200
                0x0000000000000400                _Min_Stack_Size = 0x400

.isr_vector     0x0000000008000000       0xb8
                0x0000000008000000                . = ALIGN (0x4)
 *(.isr_vector)
 .isr_vector    0x0000000008000000       0xb8 ./Core/Startup/startup_stm32g070rbtx.o
                0x0000000008000000                g_pfnVectors
                0x00000000080000b8                . = ALIGN (0x4)

.text           0x00000000080000b8      0xf98
                0x00000000080000b8                . = ALIGN (0x4)
 *(.text)
 .text          0x00000000080000b8       0x48 c:/st/stm32cubeide_1.10.1/stm32cubeide/plugins/com.st.stm32cube.ide.mcu.externaltools.gnu-tools-for-stm32.10.3-2021.10.win32_1.0.0.202111181127/tools/bin/../lib/gcc/arm-none-eabi/10.3.1/thumb/v6-m/nofp/crtbegin.o
 .text          0x0000000008000100      0x114 c:/st/stm32cubeide_1.10.1/stm32cubeide/plugins/com.st.stm32cube.ide.mcu.externaltools.gnu-tools-for-stm32.10.3-2021.10.win32_1.0.0.202111181127/tools/bin/../lib/gcc/arm-none-eabi/10.3.1/thumb/v6-m/nofp\libgcc.a(_udivsi3.o)
                0x0000000008000100                __aeabi_uidiv
                0x0000000008000100                __udivsi3
                0x000000000800020c                __aeabi_uidivmod
 .text          0x0000000008000214        0x4 c:/st/stm32cubeide_1.10.1/stm32cubeide/plugins/com.st.stm32cube.ide.mcu.externaltools.gnu-tools-for-stm32.10.3-2021.10.win32_1.0.0.202111181127/tools/bin/../lib/gcc/arm-none-eabi/10.3.1/thumb/v6-m/nofp\libgcc.a(_dvmd_tls.o)
                0x0000000008000214                __aeabi_idiv0
                0x0000000008000214                __aeabi_ldiv0
 *(.text*)
 .text.main     0x0000000008000218        0xe ./Core/Src/main.o
                0x0000000008000218                main
 .text.SystemClock_Config
                0x0000000008000226       0xb4 ./Core/Src/main.o
                0x0000000008000226                SystemClock_Config
 .text.Error_Handler
                0x00000000080002da        0xa ./Core/Src/main.o
                0x00000000080002da                Error_Handler
 .text.HAL_MspInit
                0x00000000080002e4       0x48 ./Core/Src/stm32g0xx_hal_msp.o
                0x00000000080002e4                HAL_MspInit
 .text.NMI_Handler
                0x000000000800032c        0x6 ./Core/Src/stm32g0xx_it.o
                0x000000000800032c                NMI_Handler
 .text.HardFault_Handler
                0x0000000008000332        0x6 ./Core/Src/stm32g0xx_it.o
                0x0000000008000332                HardFault_Handler
 .text.SVC_Handler
                0x0000000008000338        0xa ./Core/Src/stm32g0xx_it.o
                0x0000000008000338                SVC_Handler
 .text.PendSV_Handler
                0x0000000008000342        0xa ./Core/Src/stm32g0xx_it.o
                0x0000000008000342                PendSV_Handler
 .text.SysTick_Handler
                0x000000000800034c        0xe ./Core/Src/stm32g0xx_it.o
                0x000000000800034c                SysTick_Handler
 .text.SystemInit
                0x000000000800035a        0xa ./Core/Src/system_stm32g0xx.o
                0x000000000800035a                SystemInit
 .text.Reset_Handler
                0x0000000008000364       0x50 ./Core/Startup/startup_stm32g070rbtx.o
                0x0000000008000364                Reset_Handler
 .text.Default_Handler
                0x00000000080003b4        0x2 ./Core/Startup/startup_stm32g070rbtx.o
                0x00000000080003b4                TIM1_CC_IRQHandler
                0x00000000080003b4                TIM6_IRQHandler
                0x00000000080003b4                I2C1_IRQHandler
                0x00000000080003b4                RTC_TAMP_IRQHandler
                0x00000000080003b4                SPI1_IRQHandler
                0x00000000080003b4                USART3_4_IRQHandler
                0x00000000080003b4                EXTI2_3_IRQHandler
                0x00000000080003b4                ADC1_IRQHandler
                0x00000000080003b4                I2C2_IRQHandler
                0x00000000080003b4                TIM17_IRQHandler
                0x00000000080003b4                TIM16_IRQHandler
                0x00000000080003b4                TIM3_IRQHandler
                0x00000000080003b4                EXTI4_15_IRQHandler
                0x00000000080003b4                RCC_IRQHandler
                0x00000000080003b4                DMA1_Channel1_IRQHandler
                0x00000000080003b4                Default_Handler
                0x00000000080003b4                TIM14_IRQHandler
                0x00000000080003b4                TIM7_IRQHandler
                0x00000000080003b4                TIM15_IRQHandler
                0x00000000080003b4                EXTI0_1_IRQHandler
                0x00000000080003b4                SPI2_IRQHandler
                0x00000000080003b4                WWDG_IRQHandler
                0x00000000080003b4                DMA1_Ch4_7_DMAMUX1_OVR_IRQHandler
                0x00000000080003b4                DMA1_Channel2_3_IRQHandler
                0x00000000080003b4                USART2_IRQHandler
                0x00000000080003b4                FLASH_IRQHandler
                0x00000000080003b4                USART1_IRQHandler
                0x00000000080003b4                TIM1_BRK_UP_TRG_COM_IRQHandler
 *fill*         0x00000000080003b6        0x2 
 .text.HAL_Init
                0x00000000080003b8       0x40 ./Drivers/STM32G0xx_HAL_Driver/Src/stm32g0xx_hal.o
                0x00000000080003b8                HAL_Init
 .text.HAL_InitTick
                0x00000000080003f8       0x94 ./Drivers/STM32G0xx_HAL_Driver/Src/stm32g0xx_hal.o
                0x00000000080003f8                HAL_InitTick
 .text.HAL_IncTick
                0x000000000800048c       0x24 ./Drivers/STM32G0xx_HAL_Driver/Src/stm32g0xx_hal.o
                0x000000000800048c                HAL_IncTick
 .text.HAL_GetTick
                0x00000000080004b0       0x14 ./Drivers/STM32G0xx_HAL_Driver/Src/stm32g0xx_hal.o
                0x00000000080004b0                HAL_GetTick
 .text.__NVIC_SetPriority
                0x00000000080004c4       0xdc ./Drivers/STM32G0xx_HAL_Driver/Src/stm32g0xx_hal_cortex.o
 .text.SysTick_Config
                0x00000000080005a0       0x48 ./Drivers/STM32G0xx_HAL_Driver/Src/stm32g0xx_hal_cortex.o
 .text.HAL_NVIC_SetPriority
                0x00000000080005e8       0x2a ./Drivers/STM32G0xx_HAL_Driver/Src/stm32g0xx_hal_cortex.o
                0x00000000080005e8                HAL_NVIC_SetPriority
 .text.HAL_SYSTICK_Config
                0x0000000008000612       0x1a ./Drivers/STM32G0xx_HAL_Driver/Src/stm32g0xx_hal_cortex.o
                0x0000000008000612                HAL_SYSTICK_Config
 .text.HAL_PWREx_ControlVoltageScaling
                0x000000000800062c       0x80 ./Drivers/STM32G0xx_HAL_Driver/Src/stm32g0xx_hal_pwr_ex.o
                0x000000000800062c                HAL_PWREx_ControlVoltageScaling
 .text.HAL_RCC_OscConfig
                0x00000000080006ac      0x620 ./Drivers/STM32G0xx_HAL_Driver/Src/stm32g0xx_hal_rcc.o
                0x00000000080006ac                HAL_RCC_OscConfig
 .text.HAL_RCC_ClockConfig
                0x0000000008000ccc      0x210 ./Drivers/STM32G0xx_HAL_Driver/Src/stm32g0xx_hal_rcc.o
                0x0000000008000ccc                HAL_RCC_ClockConfig
 .text.HAL_RCC_GetSysClockFreq
                0x0000000008000edc      0x104 ./Drivers/STM32G0xx_HAL_Driver/Src/stm32g0xx_hal_rcc.o
                0x0000000008000edc                HAL_RCC_GetSysClockFreq
 .text.__libc_init_array
                0x0000000008000fe0       0x48 c:/st/stm32cubeide_1.10.1/stm32cubeide/plugins/com.st.stm32cube.ide.mcu.externaltools.gnu-tools-for-stm32.10.3-2021.10.win32_1.0.0.202111181127/tools/bin/../lib/gcc/arm-none-eabi/10.3.1/../../../../arm-none-eabi/lib/thumb/v6-m/nofp\libc_nano.a(lib_a-init.o)
                0x0000000008000fe0                __libc_init_array
 .text.memset   0x0000000008001028       0x10 c:/st/stm32cubeide_1.10.1/stm32cubeide/plugins/com.st.stm32cube.ide.mcu.externaltools.gnu-tools-for-stm32.10.3-2021.10.win32_1.0.0.202111181127/tools/bin/../lib/gcc/arm-none-eabi/10.3.1/../../../../arm-none-eabi/lib/thumb/v6-m/nofp\libc_nano.a(lib_a-memset.o)
                0x0000000008001028                memset
 *(.glue_7)
 .glue_7        0x0000000008001038        0x0 linker stubs
 *(.glue_7t)
 .glue_7t       0x0000000008001038        0x0 linker stubs
 *(.eh_frame)
 .eh_frame      0x0000000008001038        0x0 c:/st/stm32cubeide_1.10.1/stm32cubeide/plugins/com.st.stm32cube.ide.mcu.externaltools.gnu-tools-for-stm32.10.3-2021.10.win32_1.0.0.202111181127/tools/bin/../lib/gcc/arm-none-eabi/10.3.1/thumb/v6-m/nofp/crtbegin.o
 *(.init)
 .init          0x0000000008001038        0x4 c:/st/stm32cubeide_1.10.1/stm32cubeide/plugins/com.st.stm32cube.ide.mcu.externaltools.gnu-tools-for-stm32.10.3-2021.10.win32_1.0.0.202111181127/tools/bin/../lib/gcc/arm-none-eabi/10.3.1/thumb/v6-m/nofp/crti.o
                0x0000000008001038                _init
 .init          0x000000000800103c        0x8 c:/st/stm32cubeide_1.10.1/stm32cubeide/plugins/com.st.stm32cube.ide.mcu.externaltools.gnu-tools-for-stm32.10.3-2021.10.win32_1.0.0.202111181127/tools/bin/../lib/gcc/arm-none-eabi/10.3.1/thumb/v6-m/nofp/crtn.o
 *(.fini)
 .fini          0x0000000008001044        0x4 c:/st/stm32cubeide_1.10.1/stm32cubeide/plugins/com.st.stm32cube.ide.mcu.externaltools.gnu-tools-for-stm32.10.3-2021.10.win32_1.0.0.202111181127/tools/bin/../lib/gcc/arm-none-eabi/10.3.1/thumb/v6-m/nofp/crti.o
                0x0000000008001044                _fini
 .fini          0x0000000008001048        0x8 c:/st/stm32cubeide_1.10.1/stm32cubeide/plugins/com.st.stm32cube.ide.mcu.externaltools.gnu-tools-for-stm32.10.3-2021.10.win32_1.0.0.202111181127/tools/bin/../lib/gcc/arm-none-eabi/10.3.1/thumb/v6-m/nofp/crtn.o
                0x0000000008001050                . = ALIGN (0x4)
                0x0000000008001050                _etext = .

.vfp11_veneer   0x0000000008001050        0x0
 .vfp11_veneer  0x0000000008001050        0x0 linker stubs

.v4_bx          0x0000000008001050        0x0
 .v4_bx         0x0000000008001050        0x0 linker stubs

.iplt           0x0000000008001050        0x0
 .iplt          0x0000000008001050        0x0 c:/st/stm32cubeide_1.10.1/stm32cubeide/plugins/com.st.stm32cube.ide.mcu.externaltools.gnu-tools-for-stm32.10.3-2021.10.win32_1.0.0.202111181127/tools/bin/../lib/gcc/arm-none-eabi/10.3.1/thumb/v6-m/nofp/crtbegin.o

.rodata         0x0000000008001050       0x40
                0x0000000008001050                . = ALIGN (0x4)
 *(.rodata)
 *(.rodata*)
 .rodata.AHBPrescTable
                0x0000000008001050       0x40 ./Core/Src/system_stm32g0xx.o
                0x0000000008001050                AHBPrescTable
                0x0000000008001090                . = ALIGN (0x4)

.rel.dyn        0x0000000008001090        0x0
 .rel.iplt      0x0000000008001090        0x0 c:/st/stm32cubeide_1.10.1/stm32cubeide/plugins/com.st.stm32cube.ide.mcu.externaltools.gnu-tools-for-stm32.10.3-2021.10.win32_1.0.0.202111181127/tools/bin/../lib/gcc/arm-none-eabi/10.3.1/thumb/v6-m/nofp/crtbegin.o

.ARM.extab      0x0000000008001090        0x0
                0x0000000008001090                . = ALIGN (0x4)
 *(.ARM.extab* .gnu.linkonce.armextab.*)
                0x0000000008001090                . = ALIGN (0x4)

.ARM            0x0000000008001090        0x0
                0x0000000008001090                . = ALIGN (0x4)
                0x0000000008001090                __exidx_start = .
 *(.ARM.exidx*)
                0x0000000008001090                __exidx_end = .
                0x0000000008001090                . = ALIGN (0x4)

.preinit_array  0x0000000008001090        0x0
                0x0000000008001090                . = ALIGN (0x4)
                0x0000000008001090                PROVIDE (__preinit_array_start = .)
 *(.preinit_array*)
                0x0000000008001090                PROVIDE (__preinit_array_end = .)
                0x0000000008001090                . = ALIGN (0x4)

.init_array     0x0000000008001090        0x4
                0x0000000008001090                . = ALIGN (0x4)
                0x0000000008001090                PROVIDE (__init_array_start = .)
 *(SORT_BY_NAME(.init_array.*))
 *(.init_array*)
 .init_array    0x0000000008001090        0x4 c:/st/stm32cubeide_1.10.1/stm32cubeide/plugins/com.st.stm32cube.ide.mcu.externaltools.gnu-tools-for-stm32.10.3-2021.10.win32_1.0.0.202111181127/tools/bin/../lib/gcc/arm-none-eabi/10.3.1/thumb/v6-m/nofp/crtbegin.o
                0x0000000008001094                PROVIDE (__init_array_end = .)
                0x0000000008001094                . = ALIGN (0x4)

.fini_array     0x0000000008001094        0x4
                0x0000000008001094                . = ALIGN (0x4)
                [!provide]                        PROVIDE (__fini_array_start = .)
 *(SORT_BY_NAME(.fini_array.*))
 *(.fini_array*)
 .fini_array    0x0000000008001094        0x4 c:/st/stm32cubeide_1.10.1/stm32cubeide/plugins/com.st.stm32cube.ide.mcu.externaltools.gnu-tools-for-stm32.10.3-2021.10.win32_1.0.0.202111181127/tools/bin/../lib/gcc/arm-none-eabi/10.3.1/thumb/v6-m/nofp/crtbegin.o
                [!provide]                        PROVIDE (__fini_array_end = .)
                0x0000000008001098                . = ALIGN (0x4)
                0x0000000008001098                _sidata = LOADADDR (.data)

.data           0x0000000020000000        0xc load address 0x0000000008001098
                0x0000000020000000                . = ALIGN (0x4)
                0x0000000020000000                _sdata = .
 *(.data)
 *(.data*)
 .data.SystemCoreClock
                0x0000000020000000        0x4 ./Core/Src/system_stm32g0xx.o
                0x0000000020000000                SystemCoreClock
 .data.uwTickPrio
                0x0000000020000004        0x4 ./Drivers/STM32G0xx_HAL_Driver/Src/stm32g0xx_hal.o
                0x0000000020000004                uwTickPrio
 .data.uwTickFreq
                0x0000000020000008        0x1 ./Drivers/STM32G0xx_HAL_Driver/Src/stm32g0xx_hal.o
                0x0000000020000008                uwTickFreq
 *(.RamFunc)
 *(.RamFunc*)
                0x000000002000000c                . = ALIGN (0x4)
 *fill*         0x0000000020000009        0x3 
                0x000000002000000c                _edata = .

.igot.plt       0x000000002000000c        0x0 load address 0x00000000080010a4
 .igot.plt      0x000000002000000c        0x0 c:/st/stm32cubeide_1.10.1/stm32cubeide/plugins/com.st.stm32cube.ide.mcu.externaltools.gnu-tools-for-stm32.10.3-2021.10.win32_1.0.0.202111181127/tools/bin/../lib/gcc/arm-none-eabi/10.3.1/thumb/v6-m/nofp/crtbegin.o
                0x000000002000000c                . = ALIGN (0x4)

.bss            0x000000002000000c       0x20 load address 0x00000000080010a4
                0x000000002000000c                _sbss = .
                0x000000002000000c                __bss_start__ = _sbss
 *(.bss)
 .bss           0x000000002000000c       0x1c c:/st/stm32cubeide_1.10.1/stm32cubeide/plugins/com.st.stm32cube.ide.mcu.externaltools.gnu-tools-for-stm32.10.3-2021.10.win32_1.0.0.202111181127/tools/bin/../lib/gcc/arm-none-eabi/10.3.1/thumb/v6-m/nofp/crtbegin.o
 *(.bss*)
 .bss.uwTick    0x0000000020000028        0x4 ./Drivers/STM32G0xx_HAL_Driver/Src/stm32g0xx_hal.o
                0x0000000020000028                uwTick
 *(COMMON)
                0x000000002000002c                . = ALIGN (0x4)
                0x000000002000002c                _ebss = .
                0x000000002000002c                __bss_end__ = _ebss

._user_heap_stack
                0x000000002000002c      0x604 load address 0x00000000080010a4
                0x0000000020000030                . = ALIGN (0x8)
 *fill*         0x000000002000002c        0x4 
                [!provide]                        PROVIDE (end = .)
                0x0000000020000030                PROVIDE (_end = .)
                0x0000000020000230                . = (. + _Min_Heap_Size)
 *fill*         0x0000000020000030      0x200 
                0x0000000020000630                . = (. + _Min_Stack_Size)
 *fill*         0x0000000020000230      0x400 
                0x0000000020000630                . = ALIGN (0x8)

/DISCARD/
 libc.a(*)
 libm.a(*)
 libgcc.a(*)

.ARM.attributes
                0x0000000000000000       0x28
 *(.ARM.attributes)
 .ARM.attributes
                0x0000000000000000       0x1e c:/st/stm32cubeide_1.10.1/stm32cubeide/plugins/com.st.stm32cube.ide.mcu.externaltools.gnu-tools-for-stm32.10.3-2021.10.win32_1.0.0.202111181127/tools/bin/../lib/gcc/arm-none-eabi/10.3.1/thumb/v6-m/nofp/crti.o
 .ARM.attributes
                0x000000000000001e       0x2c c:/st/stm32cubeide_1.10.1/stm32cubeide/plugins/com.st.stm32cube.ide.mcu.externaltools.gnu-tools-for-stm32.10.3-2021.10.win32_1.0.0.202111181127/tools/bin/../lib/gcc/arm-none-eabi/10.3.1/thumb/v6-m/nofp/crtbegin.o
 .ARM.attributes
                0x000000000000004a       0x2c ./Core/Src/main.o
 .ARM.attributes
                0x0000000000000076       0x2c ./Core/Src/stm32g0xx_hal_msp.o
 .ARM.attributes
                0x00000000000000a2       0x2c ./Core/Src/stm32g0xx_it.o
 .ARM.attributes
                0x00000000000000ce       0x2c ./Core/Src/system_stm32g0xx.o
 .ARM.attributes
                0x00000000000000fa       0x22 ./Core/Startup/startup_stm32g070rbtx.o
 .ARM.attributes
                0x000000000000011c       0x2c ./Drivers/STM32G0xx_HAL_Driver/Src/stm32g0xx_hal.o
 .ARM.attributes
                0x0000000000000148       0x2c ./Drivers/STM32G0xx_HAL_Driver/Src/stm32g0xx_hal_cortex.o
 .ARM.attributes
                0x0000000000000174       0x2c ./Drivers/STM32G0xx_HAL_Driver/Src/stm32g0xx_hal_pwr_ex.o
 .ARM.attributes
                0x00000000000001a0       0x2c ./Drivers/STM32G0xx_HAL_Driver/Src/stm32g0xx_hal_rcc.o
 .ARM.attributes
                0x00000000000001cc       0x2c c:/st/stm32cubeide_1.10.1/stm32cubeide/plugins/com.st.stm32cube.ide.mcu.externaltools.gnu-tools-for-stm32.10.3-2021.10.win32_1.0.0.202111181127/tools/bin/../lib/gcc/arm-none-eabi/10.3.1/../../../../arm-none-eabi/lib/thumb/v6-m/nofp\libc_nano.a(lib_a-init.o)
 .ARM.attributes
                0x00000000000001f8       0x2c c:/st/stm32cubeide_1.10.1/stm32cubeide/plugins/com.st.stm32cube.ide.mcu.externaltools.gnu-tools-for-stm32.10.3-2021.10.win32_1.0.0.202111181127/tools/bin/../lib/gcc/arm-none-eabi/10.3.1/../../../../arm-none-eabi/lib/thumb/v6-m/nofp\libc_nano.a(lib_a-memset.o)
 .ARM.attributes
                0x0000000000000224       0x1e c:/st/stm32cubeide_1.10.1/stm32cubeide/plugins/com.st.stm32cube.ide.mcu.externaltools.gnu-tools-for-stm32.10.3-2021.10.win32_1.0.0.202111181127/tools/bin/../lib/gcc/arm-none-eabi/10.3.1/thumb/v6-m/nofp\libgcc.a(_udivsi3.o)
 .ARM.attributes
                0x0000000000000242       0x1e c:/st/stm32cubeide_1.10.1/stm32cubeide/plugins/com.st.stm32cube.ide.mcu.externaltools.gnu-tools-for-stm32.10.3-2021.10.win32_1.0.0.202111181127/tools/bin/../lib/gcc/arm-none-eabi/10.3.1/thumb/v6-m/nofp\libgcc.a(_dvmd_tls.o)
 .ARM.attributes
                0x0000000000000260       0x1e c:/st/stm32cubeide_1.10.1/stm32cubeide/plugins/com.st.stm32cube.ide.mcu.externaltools.gnu-tools-for-stm32.10.3-2021.10.win32_1.0.0.202111181127/tools/bin/../lib/gcc/arm-none-eabi/10.3.1/thumb/v6-m/nofp/crtn.o
OUTPUT(ilk_proje.elf elf32-littlearm)
LOAD linker stubs
LOAD c:/st/stm32cubeide_1.10.1/stm32cubeide/plugins/com.st.stm32cube.ide.mcu.externaltools.gnu-tools-for-stm32.10.3-2021.10.win32_1.0.0.202111181127/tools/bin/../lib/gcc/arm-none-eabi/10.3.1/../../../../arm-none-eabi/lib/thumb/v6-m/nofp\libc.a
LOAD c:/st/stm32cubeide_1.10.1/stm32cubeide/plugins/com.st.stm32cube.ide.mcu.externaltools.gnu-tools-for-stm32.10.3-2021.10.win32_1.0.0.202111181127/tools/bin/../lib/gcc/arm-none-eabi/10.3.1/../../../../arm-none-eabi/lib/thumb/v6-m/nofp\libm.a
LOAD c:/st/stm32cubeide_1.10.1/stm32cubeide/plugins/com.st.stm32cube.ide.mcu.externaltools.gnu-tools-for-stm32.10.3-2021.10.win32_1.0.0.202111181127/tools/bin/../lib/gcc/arm-none-eabi/10.3.1/thumb/v6-m/nofp\libgcc.a

.debug_info     0x0000000000000000     0x2c87
 .debug_info    0x0000000000000000      0x329 ./Core/Src/main.o
 .debug_info    0x0000000000000329      0x296 ./Core/Src/stm32g0xx_hal_msp.o
 .debug_info    0x00000000000005bf      0x11e ./Core/Src/stm32g0xx_it.o
 .debug_info    0x00000000000006dd      0x34d ./Core/Src/system_stm32g0xx.o
 .debug_info    0x0000000000000a2a       0x22 ./Core/Startup/startup_stm32g070rbtx.o
 .debug_info    0x0000000000000a4c      0x942 ./Drivers/STM32G0xx_HAL_Driver/Src/stm32g0xx_hal.o
 .debug_info    0x000000000000138e      0x8f5 ./Drivers/STM32G0xx_HAL_Driver/Src/stm32g0xx_hal_cortex.o
 .debug_info    0x0000000000001c83      0x4e8 ./Drivers/STM32G0xx_HAL_Driver/Src/stm32g0xx_hal_pwr_ex.o
 .debug_info    0x000000000000216b      0xb1c ./Drivers/STM32G0xx_HAL_Driver/Src/stm32g0xx_hal_rcc.o

.debug_abbrev   0x0000000000000000      0xdef
 .debug_abbrev  0x0000000000000000      0x183 ./Core/Src/main.o
 .debug_abbrev  0x0000000000000183       0xdb ./Core/Src/stm32g0xx_hal_msp.o
 .debug_abbrev  0x000000000000025e       0xad ./Core/Src/stm32g0xx_it.o
 .debug_abbrev  0x000000000000030b      0x116 ./Core/Src/system_stm32g0xx.o
 .debug_abbrev  0x0000000000000421       0x12 ./Core/Startup/startup_stm32g070rbtx.o
 .debug_abbrev  0x0000000000000433      0x2a9 ./Drivers/STM32G0xx_HAL_Driver/Src/stm32g0xx_hal.o
 .debug_abbrev  0x00000000000006dc      0x29f ./Drivers/STM32G0xx_HAL_Driver/Src/stm32g0xx_hal_cortex.o
 .debug_abbrev  0x000000000000097b      0x1d1 ./Drivers/STM32G0xx_HAL_Driver/Src/stm32g0xx_hal_pwr_ex.o
 .debug_abbrev  0x0000000000000b4c      0x2a3 ./Drivers/STM32G0xx_HAL_Driver/Src/stm32g0xx_hal_rcc.o

.debug_aranges  0x0000000000000000      0x3e8
 .debug_aranges
                0x0000000000000000       0x30 ./Core/Src/main.o
 .debug_aranges
                0x0000000000000030       0x20 ./Core/Src/stm32g0xx_hal_msp.o
 .debug_aranges
                0x0000000000000050       0x40 ./Core/Src/stm32g0xx_it.o
 .debug_aranges
                0x0000000000000090       0x28 ./Core/Src/system_stm32g0xx.o
 .debug_aranges
                0x00000000000000b8       0x28 ./Core/Startup/startup_stm32g070rbtx.o
 .debug_aranges
                0x00000000000000e0       0xf8 ./Drivers/STM32G0xx_HAL_Driver/Src/stm32g0xx_hal.o
 .debug_aranges
                0x00000000000001d8       0xd8 ./Drivers/STM32G0xx_HAL_Driver/Src/stm32g0xx_hal_cortex.o
 .debug_aranges
                0x00000000000002b0       0x98 ./Drivers/STM32G0xx_HAL_Driver/Src/stm32g0xx_hal_pwr_ex.o
 .debug_aranges
                0x0000000000000348       0xa0 ./Drivers/STM32G0xx_HAL_Driver/Src/stm32g0xx_hal_rcc.o

.debug_ranges   0x0000000000000000      0x360
 .debug_ranges  0x0000000000000000       0x20 ./Core/Src/main.o
 .debug_ranges  0x0000000000000020       0x10 ./Core/Src/stm32g0xx_hal_msp.o
 .debug_ranges  0x0000000000000030       0x30 ./Core/Src/stm32g0xx_it.o
 .debug_ranges  0x0000000000000060       0x18 ./Core/Src/system_stm32g0xx.o
 .debug_ranges  0x0000000000000078       0x20 ./Core/Startup/startup_stm32g070rbtx.o
 .debug_ranges  0x0000000000000098       0xe8 ./Drivers/STM32G0xx_HAL_Driver/Src/stm32g0xx_hal.o
 .debug_ranges  0x0000000000000180       0xc8 ./Drivers/STM32G0xx_HAL_Driver/Src/stm32g0xx_hal_cortex.o
 .debug_ranges  0x0000000000000248       0x88 ./Drivers/STM32G0xx_HAL_Driver/Src/stm32g0xx_hal_pwr_ex.o
 .debug_ranges  0x00000000000002d0       0x90 ./Drivers/STM32G0xx_HAL_Driver/Src/stm32g0xx_hal_rcc.o

.debug_macro    0x0000000000000000    0x133a9
 .debug_macro   0x0000000000000000      0x1c1 ./Core/Src/main.o
 .debug_macro   0x00000000000001c1      0xa4e ./Core/Src/main.o
 .debug_macro   0x0000000000000c0f      0x111 ./Core/Src/main.o
 .debug_macro   0x0000000000000d20       0x2e ./Core/Src/main.o
 .debug_macro   0x0000000000000d4e       0x28 ./Core/Src/main.o
 .debug_macro   0x0000000000000d76       0x22 ./Core/Src/main.o
 .debug_macro   0x0000000000000d98       0x8e ./Core/Src/main.o
 .debug_macro   0x0000000000000e26       0x51 ./Core/Src/main.o
 .debug_macro   0x0000000000000e77      0x103 ./Core/Src/main.o
 .debug_macro   0x0000000000000f7a       0x6a ./Core/Src/main.o
 .debug_macro   0x0000000000000fe4      0x1df ./Core/Src/main.o
 .debug_macro   0x00000000000011c3       0x1c ./Core/Src/main.o
 .debug_macro   0x00000000000011df       0x22 ./Core/Src/main.o
 .debug_macro   0x0000000000001201       0xd1 ./Core/Src/main.o
 .debug_macro   0x00000000000012d2      0x4da ./Core/Src/main.o
 .debug_macro   0x00000000000017ac      0x11f ./Core/Src/main.o
 .debug_macro   0x00000000000018cb     0xa6de ./Core/Src/main.o
 .debug_macro   0x000000000000bfa9       0x66 ./Core/Src/main.o
 .debug_macro   0x000000000000c00f     0x34fd ./Core/Src/main.o
 .debug_macro   0x000000000000f50c      0x174 ./Core/Src/main.o
 .debug_macro   0x000000000000f680       0x5c ./Core/Src/main.o
 .debug_macro   0x000000000000f6dc      0x485 ./Core/Src/main.o
 .debug_macro   0x000000000000fb61      0xe67 ./Core/Src/main.o
 .debug_macro   0x00000000000109c8      0x13e ./Core/Src/main.o
 .debug_macro   0x0000000000010b06      0x1cf ./Core/Src/main.o
 .debug_macro   0x0000000000010cd5      0x13e ./Core/Src/main.o
 .debug_macro   0x0000000000010e13      0x3a8 ./Core/Src/main.o
 .debug_macro   0x00000000000111bb      0x280 ./Core/Src/main.o
 .debug_macro   0x000000000001143b      0x345 ./Core/Src/main.o
 .debug_macro   0x0000000000011780      0x198 ./Core/Src/main.o
 .debug_macro   0x0000000000011918       0x43 ./Core/Src/main.o
 .debug_macro   0x000000000001195b      0x1f1 ./Core/Src/main.o
 .debug_macro   0x0000000000011b4c      0x1d6 ./Core/Src/main.o
 .debug_macro   0x0000000000011d22      0x2a3 ./Core/Src/main.o
 .debug_macro   0x0000000000011fc5       0x28 ./Core/Src/main.o
 .debug_macro   0x0000000000011fed       0xcf ./Core/Src/main.o
 .debug_macro   0x00000000000120bc      0x118 ./Core/Src/main.o
 .debug_macro   0x00000000000121d4      0x10d ./Core/Src/main.o
 .debug_macro   0x00000000000122e1      0x43d ./Core/Src/main.o
 .debug_macro   0x000000000001271e      0x1c1 ./Core/Src/stm32g0xx_hal_msp.o
 .debug_macro   0x00000000000128df      0x1cb ./Core/Src/stm32g0xx_it.o
 .debug_macro   0x0000000000012aaa      0x1b7 ./Core/Src/system_stm32g0xx.o
 .debug_macro   0x0000000000012c61      0x1d5 ./Drivers/STM32G0xx_HAL_Driver/Src/stm32g0xx_hal.o
 .debug_macro   0x0000000000012e36      0x1b7 ./Drivers/STM32G0xx_HAL_Driver/Src/stm32g0xx_hal_cortex.o
 .debug_macro   0x0000000000012fed      0x1c9 ./Drivers/STM32G0xx_HAL_Driver/Src/stm32g0xx_hal_pwr_ex.o
 .debug_macro   0x00000000000131b6      0x1f3 ./Drivers/STM32G0xx_HAL_Driver/Src/stm32g0xx_hal_rcc.o

.debug_line     0x0000000000000000     0x47e7
 .debug_line    0x0000000000000000      0x70c ./Core/Src/main.o
 .debug_line    0x000000000000070c      0x69a ./Core/Src/stm32g0xx_hal_msp.o
 .debug_line    0x0000000000000da6      0x6ff ./Core/Src/stm32g0xx_it.o
 .debug_line    0x00000000000014a5      0x70d ./Core/Src/system_stm32g0xx.o
 .debug_line    0x0000000000001bb2       0x89 ./Core/Startup/startup_stm32g070rbtx.o
 .debug_line    0x0000000000001c3b      0x9b0 ./Drivers/STM32G0xx_HAL_Driver/Src/stm32g0xx_hal.o
 .debug_line    0x00000000000025eb      0xac4 ./Drivers/STM32G0xx_HAL_Driver/Src/stm32g0xx_hal_cortex.o
 .debug_line    0x00000000000030af      0x8e0 ./Drivers/STM32G0xx_HAL_Driver/Src/stm32g0xx_hal_pwr_ex.o
 .debug_line    0x000000000000398f      0xe58 ./Drivers/STM32G0xx_HAL_Driver/Src/stm32g0xx_hal_rcc.o

.debug_str      0x0000000000000000    0x79722
 .debug_str     0x0000000000000000    0x78643 ./Core/Src/main.o
                                      0x78b18 (size before relaxing)
 .debug_str     0x0000000000078643       0xeb ./Core/Src/stm32g0xx_hal_msp.o
                                      0x78a34 (size before relaxing)
 .debug_str     0x000000000007872e       0x82 ./Core/Src/stm32g0xx_it.o
                                      0x789b2 (size before relaxing)
 .debug_str     0x00000000000787b0       0x8e ./Core/Src/system_stm32g0xx.o
                                      0x78a85 (size before relaxing)
 .debug_str     0x000000000007883e       0x36 ./Core/Startup/startup_stm32g070rbtx.o
                                         0x75 (size before relaxing)
 .debug_str     0x0000000000078874      0x62a ./Drivers/STM32G0xx_HAL_Driver/Src/stm32g0xx_hal.o
                                      0x79127 (size before relaxing)
 .debug_str     0x0000000000078e9e      0x28b ./Drivers/STM32G0xx_HAL_Driver/Src/stm32g0xx_hal_cortex.o
                                      0x78ecc (size before relaxing)
 .debug_str     0x0000000000079129      0x221 ./Drivers/STM32G0xx_HAL_Driver/Src/stm32g0xx_hal_pwr_ex.o
                                      0x78cd9 (size before relaxing)
 .debug_str     0x000000000007934a      0x3d8 ./Drivers/STM32G0xx_HAL_Driver/Src/stm32g0xx_hal_rcc.o
                                      0x79076 (size before relaxing)

.comment        0x0000000000000000       0x50
 .comment       0x0000000000000000       0x50 ./Core/Src/main.o
                                         0x51 (size before relaxing)
 .comment       0x0000000000000050       0x51 ./Core/Src/stm32g0xx_hal_msp.o
 .comment       0x0000000000000050       0x51 ./Core/Src/stm32g0xx_it.o
 .comment       0x0000000000000050       0x51 ./Core/Src/system_stm32g0xx.o
 .comment       0x0000000000000050       0x51 ./Drivers/STM32G0xx_HAL_Driver/Src/stm32g0xx_hal.o
 .comment       0x0000000000000050       0x51 ./Drivers/STM32G0xx_HAL_Driver/Src/stm32g0xx_hal_cortex.o
 .comment       0x0000000000000050       0x51 ./Drivers/STM32G0xx_HAL_Driver/Src/stm32g0xx_hal_pwr_ex.o
 .comment       0x0000000000000050       0x51 ./Drivers/STM32G0xx_HAL_Driver/Src/stm32g0xx_hal_rcc.o

.debug_frame    0x0000000000000000      0xc30
 .debug_frame   0x0000000000000000       0x68 ./Core/Src/main.o
 .debug_frame   0x0000000000000068       0x30 ./Core/Src/stm32g0xx_hal_msp.o
 .debug_frame   0x0000000000000098       0x9c ./Core/Src/stm32g0xx_it.o
 .debug_frame   0x0000000000000134       0x4c ./Core/Src/system_stm32g0xx.o
 .debug_frame   0x0000000000000180      0x340 ./Drivers/STM32G0xx_HAL_Driver/Src/stm32g0xx_hal.o
 .debug_frame   0x00000000000004c0      0x2fc ./Drivers/STM32G0xx_HAL_Driver/Src/stm32g0xx_hal_cortex.o
 .debug_frame   0x00000000000007bc      0x1f4 ./Drivers/STM32G0xx_HAL_Driver/Src/stm32g0xx_hal_pwr_ex.o
 .debug_frame   0x00000000000009b0      0x214 ./Drivers/STM32G0xx_HAL_Driver/Src/stm32g0xx_hal_rcc.o
 .debug_frame   0x0000000000000bc4       0x2c c:/st/stm32cubeide_1.10.1/stm32cubeide/plugins/com.st.stm32cube.ide.mcu.externaltools.gnu-tools-for-stm32.10.3-2021.10.win32_1.0.0.202111181127/tools/bin/../lib/gcc/arm-none-eabi/10.3.1/../../../../arm-none-eabi/lib/thumb/v6-m/nofp\libc_nano.a(lib_a-init.o)
 .debug_frame   0x0000000000000bf0       0x20 c:/st/stm32cubeide_1.10.1/stm32cubeide/plugins/com.st.stm32cube.ide.mcu.externaltools.gnu-tools-for-stm32.10.3-2021.10.win32_1.0.0.202111181127/tools/bin/../lib/gcc/arm-none-eabi/10.3.1/../../../../arm-none-eabi/lib/thumb/v6-m/nofp\libc_nano.a(lib_a-memset.o)
 .debug_frame   0x0000000000000c10       0x20 c:/st/stm32cubeide_1.10.1/stm32cubeide/plugins/com.st.stm32cube.ide.mcu.externaltools.gnu-tools-for-stm32.10.3-2021.10.win32_1.0.0.202111181127/tools/bin/../lib/gcc/arm-none-eabi/10.3.1/thumb/v6-m/nofp\libgcc.a(_udivsi3.o)
