../Drivers/STM32G0xx_HAL_Driver/Src/stm32g0xx_hal.c:143:19:HAL_Init	16	static
../Drivers/STM32G0xx_HAL_Driver/Src/stm32g0xx_hal.c:180:19:HAL_DeInit	8	static
../Drivers/STM32G0xx_HAL_Driver/Src/stm32g0xx_hal.c:224:26:HAL_InitTick	32	static
../Drivers/STM32G0xx_HAL_Driver/Src/stm32g0xx_hal.c:292:13:HAL_IncTick	8	static
../Drivers/STM32G0xx_HAL_Driver/Src/stm32g0xx_hal.c:303:17:HAL_GetTick	8	static
../Drivers/STM32G0xx_HAL_Driver/Src/stm32g0xx_hal.c:312:10:HAL_GetTickPrio	8	static
../Drivers/STM32G0xx_HAL_Driver/Src/stm32g0xx_hal.c:321:19:HAL_SetTickFreq	40	static
../Drivers/STM32G0xx_HAL_Driver/Src/stm32g0xx_hal.c:351:21:HAL_GetTickFreq	8	static
../Drivers/STM32G0xx_HAL_Driver/Src/stm32g0xx_hal.c:367:13:HAL_Delay	24	static
../Drivers/STM32G0xx_HAL_Driver/Src/stm32g0xx_hal.c:393:13:HAL_SuspendTick	8	static
../Drivers/STM32G0xx_HAL_Driver/Src/stm32g0xx_hal.c:409:13:HAL_ResumeTick	8	static
../Drivers/STM32G0xx_HAL_Driver/Src/stm32g0xx_hal.c:419:10:HAL_GetHalVersion	8	static
../Drivers/STM32G0xx_HAL_Driver/Src/stm32g0xx_hal.c:428:10:HAL_GetREVID	8	static
../Drivers/STM32G0xx_HAL_Driver/Src/stm32g0xx_hal.c:437:10:HAL_GetDEVID	8	static
../Drivers/STM32G0xx_HAL_Driver/Src/stm32g0xx_hal.c:446:10:HAL_GetUIDw0	8	static
../Drivers/STM32G0xx_HAL_Driver/Src/stm32g0xx_hal.c:455:10:HAL_GetUIDw1	8	static
../Drivers/STM32G0xx_HAL_Driver/Src/stm32g0xx_hal.c:464:10:HAL_GetUIDw2	8	static
../Drivers/STM32G0xx_HAL_Driver/Src/stm32g0xx_hal.c:492:6:HAL_DBGMCU_EnableDBGStopMode	8	static
../Drivers/STM32G0xx_HAL_Driver/Src/stm32g0xx_hal.c:501:6:HAL_DBGMCU_DisableDBGStopMode	8	static
../Drivers/STM32G0xx_HAL_Driver/Src/stm32g0xx_hal.c:510:6:HAL_DBGMCU_EnableDBGStandbyMode	8	static
../Drivers/STM32G0xx_HAL_Driver/Src/stm32g0xx_hal.c:519:6:HAL_DBGMCU_DisableDBGStandbyMode	8	static
../Drivers/STM32G0xx_HAL_Driver/Src/stm32g0xx_hal.c:555:6:HAL_SYSCFG_VREFBUF_VoltageScalingConfig	16	static
../Drivers/STM32G0xx_HAL_Driver/Src/stm32g0xx_hal.c:570:6:HAL_SYSCFG_VREFBUF_HighImpedanceConfig	16	static
../Drivers/STM32G0xx_HAL_Driver/Src/stm32g0xx_hal.c:587:6:HAL_SYSCFG_VREFBUF_TrimmingConfig	16	static
../Drivers/STM32G0xx_HAL_Driver/Src/stm32g0xx_hal.c:599:19:HAL_SYSCFG_EnableVREFBUF	16	static
../Drivers/STM32G0xx_HAL_Driver/Src/stm32g0xx_hal.c:625:6:HAL_SYSCFG_DisableVREFBUF	8	static
../Drivers/STM32G0xx_HAL_Driver/Src/stm32g0xx_hal.c:635:6:HAL_SYSCFG_EnableIOAnalogSwitchBooster	8	static
../Drivers/STM32G0xx_HAL_Driver/Src/stm32g0xx_hal.c:644:6:HAL_SYSCFG_DisableIOAnalogSwitchBooster	8	static
../Drivers/STM32G0xx_HAL_Driver/Src/stm32g0xx_hal.c:657:6:HAL_SYSCFG_EnableRemap	16	static
../Drivers/STM32G0xx_HAL_Driver/Src/stm32g0xx_hal.c:672:6:HAL_SYSCFG_DisableRemap	16	static
../Drivers/STM32G0xx_HAL_Driver/Src/stm32g0xx_hal.c:718:6:HAL_SYSCFG_StrobeDBattpinsConfig	16	static
